python : [36m[apify.post-content-fetcher runId:pMwaOdPbNfroQNdAE][0m -> Status: RUNNING, Message: 
At C:\Users\usman\AppData\Local\Temp\ps-script-9083f3c5-09e9-4b44-9aeb-ccb45d59218f.ps1:96 char:42
+ ... -generation; python scripts\test_post_content_fetcher.py 2>&1 | Tee-O ...
+                  ~~~~~~~~~~~~~~~~~~~~~~~~~~~~~~~~~~~~~~~~~~~~~~~~
    + CategoryInfo          : NotSpecified: ([36m[apify.pos...NING, Message: :String) [], RemoteException
    + FullyQualifiedErrorId : NativeCommandError
 
[36m[apify.post-content-fetcher runId:pMwaOdPbNfroQNdAE][0m -> 2026-02-14T15:29:52.290Z ACTOR: Pulling container 
image of build I76eMUNVl5KDttfDY from registry.
[36m[apify.post-content-fetcher runId:pMwaOdPbNfroQNdAE][0m -> 2026-02-14T15:29:52.944Z ACTOR: Creating container.
[36m[apify.post-content-fetcher runId:pMwaOdPbNfroQNdAE][0m -> 2026-02-14T15:29:53.017Z ACTOR: Starting container.
[36m[apify.post-content-fetcher runId:pMwaOdPbNfroQNdAE][0m -> 2026-02-14T15:29:53.019Z ACTOR: Running under 
"LIMITED_PERMISSIONS" permission level.
[36m[apify.post-content-fetcher runId:pMwaOdPbNfroQNdAE][0m -> 2026-02-14T15:29:53.241Z Will run command: xvfb-run 
-a -s "-ac -screen 0 1920x1080x24+32 -nolisten tcp" python3 -m src
[36m[apify.post-content-fetcher runId:pMwaOdPbNfroQNdAE][0m -> 2026-02-14T15:29:55.418Z Actor is running on the 
Apify platform, `disable_browser_sandbox` was changed to True.
[36m[apify.post-content-fetcher runId:pMwaOdPbNfroQNdAE][0m -> 2026-02-14T15:29:55.420Z [90m[apify][0m [32mINFO 
[0m Initializing Actor [90m({"apify_sdk_version": "3.2.0", "apify_client_version": "2.4.1", "crawlee_version": 
"1.3.2", "python_version": "3.14.3", "os": "linux"})[0m
[36m[apify.post-content-fetcher runId:pMwaOdPbNfroQNdAE][0m -> 2026-02-14T15:29:55.701Z [90m[apify][0m [32mINFO 
[0m Fetching: https://example.com...
[36m[apify.post-content-fetcher runId:pMwaOdPbNfroQNdAE][0m -> 2026-02-14T15:29:55.837Z [90m[apify][0m [32mINFO 
[0m Done. Extracted 127 chars
[36m[apify.post-content-fetcher runId:pMwaOdPbNfroQNdAE][0m -> 2026-02-14T15:29:55.839Z [90m[apify][0m [32mINFO 
[0m Exiting Actor [90m({"exit_code": 0})[0m
[36m[apify.post-content-fetcher runId:pMwaOdPbNfroQNdAE][0m -> Status: SUCCEEDED, Message: 
Found actor: ayk9A3nv2FXve3fXQ
Calling with url=https://example.com, useProxy=False ...
Run status: SUCCEEDED
Output: text length=127, preview='Example Domain This domain is for use in documentation examples without needing permission. Avoid use in operations. Learn more'...
OK: post-content-fetcher works.
